// Jest Snapshot v1, https://goo.gl/fbAQLP

exports[`should render expense item correctly 1`] = `
<div>
  <h3>
    Gum
  </h3>
  <p>
    $1.95
    -
    1st January 1970
  </p>
  <Link
    to="/edit/1"
  >
    edit expense
  </Link>
</div>
`;
